// Jest Snapshot v1, https://goo.gl/fbAQLP

exports[`ElementRender 1`] = `
<section>
  test
</section>
`;
