// Jest Snapshot v1, https://goo.gl/fbAQLP

exports[`LeafRender 1`] = `
<span>
  test
</span>
`;
